mode: set
github.com/f-eld-ch/sitrep/server/auth/local.go:13.40,21.2 1 0
github.com/f-eld-ch/sitrep/server/auth/local.go:23.78,24.36 1 0
github.com/f-eld-ch/sitrep/server/auth/local.go:24.36,27.3 1 0
github.com/f-eld-ch/sitrep/server/auth/local.go:30.61,32.2 1 0
github.com/f-eld-ch/sitrep/server/auth/local.go:34.62,36.2 1 0
github.com/f-eld-ch/sitrep/server/auth/local.go:38.63,40.2 1 0
github.com/f-eld-ch/sitrep/server/auth/local.go:42.63,44.2 1 0
github.com/f-eld-ch/sitrep/server/auth/oidc.go:35.58,36.58 1 1
github.com/f-eld-ch/sitrep/server/auth/oidc.go:36.58,40.3 3 1
github.com/f-eld-ch/sitrep/server/auth/oidc.go:42.2,44.26 3 1
github.com/f-eld-ch/sitrep/server/auth/oidc.go:48.113,75.2 11 0
github.com/f-eld-ch/sitrep/server/auth/oidc.go:78.21,80.16 2 0
github.com/f-eld-ch/sitrep/server/auth/oidc.go:80.16,82.3 1 0
github.com/f-eld-ch/sitrep/server/auth/oidc.go:83.2,83.19 1 0
github.com/f-eld-ch/sitrep/server/auth/oidc.go:87.58,90.16 2 0
github.com/f-eld-ch/sitrep/server/auth/oidc.go:90.16,92.3 1 0
github.com/f-eld-ch/sitrep/server/auth/oidc.go:94.2,94.60 1 0
github.com/f-eld-ch/sitrep/server/auth/oidc.go:98.60,100.2 1 0
github.com/f-eld-ch/sitrep/server/auth/oidc.go:103.196,104.151 1 0
github.com/f-eld-ch/sitrep/server/auth/oidc.go:104.151,105.44 1 0
github.com/f-eld-ch/sitrep/server/auth/oidc.go:105.44,109.4 3 0
github.com/f-eld-ch/sitrep/server/auth/oidc.go:111.3,111.31 1 0
github.com/f-eld-ch/sitrep/server/auth/oidc.go:111.31,113.18 2 0
github.com/f-eld-ch/sitrep/server/auth/oidc.go:113.18,116.5 2 0
github.com/f-eld-ch/sitrep/server/auth/oidc.go:118.3,118.32 1 0
github.com/f-eld-ch/sitrep/server/auth/oidc.go:118.32,120.18 2 0
github.com/f-eld-ch/sitrep/server/auth/oidc.go:120.18,123.5 2 0
github.com/f-eld-ch/sitrep/server/auth/oidc.go:126.3,127.17 2 0
github.com/f-eld-ch/sitrep/server/auth/oidc.go:127.17,130.4 2 0
github.com/f-eld-ch/sitrep/server/auth/oidc.go:131.3,131.45 1 0
github.com/f-eld-ch/sitrep/server/auth/oidc.go:136.59,138.16 2 0
github.com/f-eld-ch/sitrep/server/auth/oidc.go:138.16,142.3 3 0
github.com/f-eld-ch/sitrep/server/auth/oidc.go:143.2,164.42 4 0
github.com/f-eld-ch/sitrep/server/auth/oidc.go:168.60,170.16 2 0
github.com/f-eld-ch/sitrep/server/auth/oidc.go:170.16,171.39 1 0
github.com/f-eld-ch/sitrep/server/auth/oidc.go:171.39,173.4 1 0
github.com/f-eld-ch/sitrep/server/auth/oidc.go:174.3,174.57 1 0
github.com/f-eld-ch/sitrep/server/auth/oidc.go:176.2,176.40 1 0
github.com/f-eld-ch/sitrep/server/auth/oidc.go:179.70,181.19 2 0
github.com/f-eld-ch/sitrep/server/auth/oidc.go:181.19,183.3 1 0
github.com/f-eld-ch/sitrep/server/auth/oidc.go:185.2,190.16 5 0
github.com/f-eld-ch/sitrep/server/auth/oidc.go:190.16,193.3 2 0
github.com/f-eld-ch/sitrep/server/auth/oidc.go:195.2,195.47 1 0
github.com/f-eld-ch/sitrep/server/auth/oidc.go:195.47,198.3 2 0
github.com/f-eld-ch/sitrep/server/auth/oidc.go:201.2,201.89 1 0
github.com/f-eld-ch/sitrep/server/auth/oidc.go:201.89,205.27 3 0
github.com/f-eld-ch/sitrep/server/auth/oidc.go:205.27,207.18 2 0
github.com/f-eld-ch/sitrep/server/auth/oidc.go:207.18,209.5 1 0
github.com/f-eld-ch/sitrep/server/auth/oidc.go:212.3,213.17 2 0
github.com/f-eld-ch/sitrep/server/auth/oidc.go:213.17,216.4 2 0
github.com/f-eld-ch/sitrep/server/auth/oidc.go:217.3,217.27 1 0
github.com/f-eld-ch/sitrep/server/auth/oidc.go:217.27,220.4 2 0
github.com/f-eld-ch/sitrep/server/auth/oidc.go:222.3,223.17 2 0
github.com/f-eld-ch/sitrep/server/auth/oidc.go:223.17,226.4 2 0
github.com/f-eld-ch/sitrep/server/auth/oidc.go:227.3,229.17 3 0
github.com/f-eld-ch/sitrep/server/auth/oidc.go:229.17,232.4 2 0
github.com/f-eld-ch/sitrep/server/auth/oidc.go:234.3,234.31 1 0
github.com/f-eld-ch/sitrep/server/auth/oidc.go:234.31,236.18 2 0
github.com/f-eld-ch/sitrep/server/auth/oidc.go:236.18,239.5 2 0
github.com/f-eld-ch/sitrep/server/auth/oidc.go:240.4,240.36 1 0
github.com/f-eld-ch/sitrep/server/auth/oidc.go:242.3,242.32 1 0
github.com/f-eld-ch/sitrep/server/auth/oidc.go:242.32,244.18 2 0
github.com/f-eld-ch/sitrep/server/auth/oidc.go:244.18,247.5 2 0
github.com/f-eld-ch/sitrep/server/auth/oidc.go:248.4,248.38 1 0
github.com/f-eld-ch/sitrep/server/auth/oidc.go:252.2,261.8 1 0
github.com/f-eld-ch/sitrep/server/auth/oidc.go:264.81,266.38 2 0
github.com/f-eld-ch/sitrep/server/auth/oidc.go:266.38,268.3 1 0
github.com/f-eld-ch/sitrep/server/auth/oidc.go:271.2,273.16 3 0
github.com/f-eld-ch/sitrep/server/auth/oidc.go:273.16,276.3 2 0
github.com/f-eld-ch/sitrep/server/auth/oidc.go:278.2,278.22 1 0
github.com/f-eld-ch/sitrep/server/auth/oidc.go:281.101,283.16 2 0
github.com/f-eld-ch/sitrep/server/auth/oidc.go:283.16,286.3 2 0
github.com/f-eld-ch/sitrep/server/auth/oidc.go:288.2,298.12 2 0
github.com/f-eld-ch/sitrep/server/auth/oidc.go:302.75,303.36 1 0
github.com/f-eld-ch/sitrep/server/auth/oidc.go:303.36,305.17 2 0
github.com/f-eld-ch/sitrep/server/auth/oidc.go:305.17,308.4 2 0
github.com/f-eld-ch/sitrep/server/auth/oidc.go:309.3,320.17 7 0
